// Jest Snapshot v1, https://goo.gl/fbAQLP

exports[`Details component renders the score lists correctly 1`] = `null`;
